Component: Arm Compiler for Embedded 6.24 Tool: armlink [5f371500]

==============================================================================

Section Cross References

    rcc_stm32.o(.ARM.exidx.text.RCC_Configuration) refers to rcc_stm32.o(.text.RCC_Configuration) for [Anonymous Symbol]
    gpio.o(.ARM.exidx.text.GPIO_SetMode) refers to gpio.o(.text.GPIO_SetMode) for [Anonymous Symbol]
    gpio.o(.ARM.exidx.text.GPIO_SetOutput) refers to gpio.o(.text.GPIO_SetOutput) for [Anonymous Symbol]
    gpio.o(.ARM.exidx.text.GPIO_SPEED) refers to gpio.o(.text.GPIO_SPEED) for [Anonymous Symbol]
    gpio.o(.ARM.exidx.text.GPIO_SetPull) refers to gpio.o(.text.GPIO_SetPull) for [Anonymous Symbol]
    gpio.o(.ARM.exidx.text.GPIO_Set_AFRH) refers to gpio.o(.text.GPIO_Set_AFRH) for [Anonymous Symbol]
    gpio.o(.ARM.exidx.text.GPIO_Set_AFRL) refers to gpio.o(.text.GPIO_Set_AFRL) for [Anonymous Symbol]
    gpio.o(.text.GPIO_Config_Analog) refers to gpio.o(.text.GPIO_SetMode) for GPIO_SetMode
    gpio.o(.ARM.exidx.text.GPIO_Config_Analog) refers to gpio.o(.text.GPIO_Config_Analog) for [Anonymous Symbol]
    gpio.o(.text.GPIO_Config_Buzzer_Output) refers to gpio.o(.text.GPIO_SetMode) for GPIO_SetMode
    gpio.o(.text.GPIO_Config_Buzzer_Output) refers to gpio.o(.text.GPIO_SetOutput) for GPIO_SetOutput
    gpio.o(.text.GPIO_Config_Buzzer_Output) refers to gpio.o(.text.GPIO_SPEED) for GPIO_SPEED
    gpio.o(.text.GPIO_Config_Buzzer_Output) refers to gpio.o(.text.GPIO_SetPull) for GPIO_SetPull
    gpio.o(.ARM.exidx.text.GPIO_Config_Buzzer_Output) refers to gpio.o(.text.GPIO_Config_Buzzer_Output) for [Anonymous Symbol]
    gpio.o(.text.GPIO_Config_Relay_Output) refers to gpio.o(.text.GPIO_SetMode) for GPIO_SetMode
    gpio.o(.text.GPIO_Config_Relay_Output) refers to gpio.o(.text.GPIO_SetOutput) for GPIO_SetOutput
    gpio.o(.text.GPIO_Config_Relay_Output) refers to gpio.o(.text.GPIO_SPEED) for GPIO_SPEED
    gpio.o(.text.GPIO_Config_Relay_Output) refers to gpio.o(.text.GPIO_SetPull) for GPIO_SetPull
    gpio.o(.ARM.exidx.text.GPIO_Config_Relay_Output) refers to gpio.o(.text.GPIO_Config_Relay_Output) for [Anonymous Symbol]
    gpio.o(.text.GPIO_Config_SPI1) refers to gpio.o(.text.GPIO_SetMode) for GPIO_SetMode
    gpio.o(.text.GPIO_Config_SPI1) refers to gpio.o(.text.GPIO_Set_AFRL) for GPIO_Set_AFRL
    gpio.o(.text.GPIO_Config_SPI1) refers to gpio.o(.text.GPIO_SetOutput) for GPIO_SetOutput
    gpio.o(.text.GPIO_Config_SPI1) refers to gpio.o(.text.GPIO_SPEED) for GPIO_SPEED
    gpio.o(.text.GPIO_Config_SPI1) refers to gpio.o(.text.GPIO_SetPull) for GPIO_SetPull
    gpio.o(.ARM.exidx.text.GPIO_Config_SPI1) refers to gpio.o(.text.GPIO_Config_SPI1) for [Anonymous Symbol]
    gpio.o(.ARM.exidx.text.SPI1_Select) refers to gpio.o(.text.SPI1_Select) for [Anonymous Symbol]
    gpio.o(.ARM.exidx.text.SPI1_Unselect) refers to gpio.o(.text.SPI1_Unselect) for [Anonymous Symbol]
    main.o(.text.main) refers to rcc_stm32.o(.text.RCC_Configuration) for RCC_Configuration
    main.o(.text.main) refers to gpio.o(.text.GPIO_Config_Analog) for GPIO_Config_Analog
    main.o(.text.main) refers to adc_dma.o(.text.small_delay) for small_delay
    main.o(.text.main) refers to adc.o(.text.ADC1_init) for ADC1_init
    main.o(.text.main) refers to adc.o(.text.ADC1_Read_Polling) for ADC1_Read_Polling
    main.o(.ARM.exidx.text.main) refers to main.o(.text.main) for [Anonymous Symbol]
    spi.o(.text.SPI1_Init) refers to spi.o(.text.__NVIC_EnableIRQ) for __NVIC_EnableIRQ
    spi.o(.ARM.exidx.text.SPI1_Init) refers to spi.o(.text.SPI1_Init) for [Anonymous Symbol]
    spi.o(.ARM.exidx.text.__NVIC_EnableIRQ) refers to spi.o(.text.__NVIC_EnableIRQ) for [Anonymous Symbol]
    spi.o(.text.SPI1_SetTxBuffer) refers to spi.o(.bss.spi_tx_buffer) for spi_tx_buffer
    spi.o(.text.SPI1_SetTxBuffer) refers to spi.o(.bss.spi_tx_length) for spi_tx_length
    spi.o(.text.SPI1_SetTxBuffer) refers to spi.o(.bss.spi_tx_index) for spi_tx_index
    spi.o(.ARM.exidx.text.SPI1_SetTxBuffer) refers to spi.o(.text.SPI1_SetTxBuffer) for [Anonymous Symbol]
    spi.o(.text.SPI1_ResetBuffer) refers to spi.o(.bss.spi_tx_index) for spi_tx_index
    spi.o(.ARM.exidx.text.SPI1_ResetBuffer) refers to spi.o(.text.SPI1_ResetBuffer) for [Anonymous Symbol]
    spi.o(.text.SPI1_IRQHandler) refers to spi.o(.bss.spi_tx_buffer) for spi_tx_buffer
    spi.o(.text.SPI1_IRQHandler) refers to spi.o(.bss.spi_tx_index) for spi_tx_index
    spi.o(.text.SPI1_IRQHandler) refers to spi.o(.bss.spi_tx_length) for spi_tx_length
    spi.o(.ARM.exidx.text.SPI1_IRQHandler) refers to spi.o(.text.SPI1_IRQHandler) for [Anonymous Symbol]
    adc.o(.ARM.exidx.text.ADC1_init) refers to adc.o(.text.ADC1_init) for [Anonymous Symbol]
    adc.o(.ARM.exidx.text.ADC1_Enable_DMA) refers to adc.o(.text.ADC1_Enable_DMA) for [Anonymous Symbol]
    adc.o(.ARM.exidx.text.ADC1_Read_Polling) refers to adc.o(.text.ADC1_Read_Polling) for [Anonymous Symbol]
    adc.o(.text.ADC1_Read_DMA) refers to adc.o(.bss.adc_buffer) for adc_buffer
    adc.o(.ARM.exidx.text.ADC1_Read_DMA) refers to adc.o(.text.ADC1_Read_DMA) for [Anonymous Symbol]
    adc_dma.o(.ARM.exidx.text.small_delay) refers to adc_dma.o(.text.small_delay) for [Anonymous Symbol]
    adc_dma.o(.ARM.exidx.text.DMA2_Stream0_Config_ADC) refers to adc_dma.o(.text.DMA2_Stream0_Config_ADC) for [Anonymous Symbol]
    module_actuator.o(.ARM.exidx.text.Buzzer_On) refers to module_actuator.o(.text.Buzzer_On) for [Anonymous Symbol]
    module_actuator.o(.ARM.exidx.text.Buzzer_Off) refers to module_actuator.o(.text.Buzzer_Off) for [Anonymous Symbol]
    module_actuator.o(.ARM.exidx.text.Fan_On) refers to module_actuator.o(.text.Fan_On) for [Anonymous Symbol]
    module_actuator.o(.ARM.exidx.text.Fan_Off) refers to module_actuator.o(.text.Fan_Off) for [Anonymous Symbol]
    fire_detection.o(.text.Fire_Update) refers to adc.o(.bss.adc_buffer) for adc_buffer
    fire_detection.o(.text.Fire_Update) refers to fire_detection.o(.bss.fire_state) for fire_state
    fire_detection.o(.ARM.exidx.text.Fire_Update) refers to fire_detection.o(.text.Fire_Update) for [Anonymous Symbol]
    fire_detection.o(.text.Fire_GetState) refers to fire_detection.o(.bss.fire_state) for fire_state
    fire_detection.o(.ARM.exidx.text.Fire_GetState) refers to fire_detection.o(.text.Fire_GetState) for [Anonymous Symbol]
    fire_detection.o(.text.Fire_GetTemperature) refers to adc.o(.bss.adc_buffer) for adc_buffer
    fire_detection.o(.ARM.exidx.text.Fire_GetTemperature) refers to fire_detection.o(.text.Fire_GetTemperature) for [Anonymous Symbol]
    fire_detection.o(.text.Fire_GetGas) refers to adc.o(.bss.adc_buffer) for adc_buffer
    fire_detection.o(.ARM.exidx.text.Fire_GetGas) refers to fire_detection.o(.text.Fire_GetGas) for [Anonymous Symbol]
    spi_protocol.o(.text.SPI_Update_packet) refers to fire_detection.o(.text.Fire_GetTemperature) for Fire_GetTemperature
    spi_protocol.o(.text.SPI_Update_packet) refers to spi_protocol.o(.bss.spi_packet) for spi_packet
    spi_protocol.o(.text.SPI_Update_packet) refers to fire_detection.o(.text.Fire_GetGas) for Fire_GetGas
    spi_protocol.o(.text.SPI_Update_packet) refers to fire_detection.o(.text.Fire_GetState) for Fire_GetState
    spi_protocol.o(.text.SPI_Update_packet) refers to spi.o(.text.SPI1_SetTxBuffer) for SPI1_SetTxBuffer
    spi_protocol.o(.ARM.exidx.text.SPI_Update_packet) refers to spi_protocol.o(.text.SPI_Update_packet) for [Anonymous Symbol]
    startup_stm32f411xe.o(STACK) refers (Special) to heapauxi.o(.text) for __use_two_region_memory
    startup_stm32f411xe.o(HEAP) refers (Special) to heapauxi.o(.text) for __use_two_region_memory
    startup_stm32f411xe.o(RESET) refers (Special) to heapauxi.o(.text) for __use_two_region_memory
    startup_stm32f411xe.o(RESET) refers to startup_stm32f411xe.o(STACK) for __initial_sp
    startup_stm32f411xe.o(RESET) refers to startup_stm32f411xe.o(.text) for Reset_Handler
    startup_stm32f411xe.o(RESET) refers to spi.o(.text.SPI1_IRQHandler) for SPI1_IRQHandler
    startup_stm32f411xe.o(.text) refers (Special) to heapauxi.o(.text) for __use_two_region_memory
    startup_stm32f411xe.o(.text) refers to system_stm32f4xx.o(.text.SystemInit) for SystemInit
    startup_stm32f411xe.o(.text) refers to __main.o(!!!main) for __main
    startup_stm32f411xe.o(.text) refers to startup_stm32f411xe.o(HEAP) for Heap_Mem
    startup_stm32f411xe.o(.text) refers to startup_stm32f411xe.o(STACK) for Stack_Mem
    system_stm32f4xx.o(.ARM.exidx.text.SystemInit) refers to system_stm32f4xx.o(.text.SystemInit) for [Anonymous Symbol]
    system_stm32f4xx.o(.text.SystemCoreClockUpdate) refers to system_stm32f4xx.o(.data.SystemCoreClock) for SystemCoreClock
    system_stm32f4xx.o(.text.SystemCoreClockUpdate) refers to system_stm32f4xx.o(.rodata.AHBPrescTable) for AHBPrescTable
    system_stm32f4xx.o(.ARM.exidx.text.SystemCoreClockUpdate) refers to system_stm32f4xx.o(.text.SystemCoreClockUpdate) for [Anonymous Symbol]
    __main.o(!!!main) refers to __rtentry.o(.ARM.Collect$$rtentry$$00000000) for __rt_entry
    __rtentry.o(.ARM.Collect$$rtentry$$00000000) refers (Special) to __rtentry2.o(.ARM.Collect$$rtentry$$0000000A) for __rt_entry_li
    __rtentry.o(.ARM.Collect$$rtentry$$00000000) refers (Special) to __rtentry2.o(.ARM.Collect$$rtentry$$0000000D) for __rt_entry_main
    __rtentry.o(.ARM.Collect$$rtentry$$00000000) refers (Special) to __rtentry2.o(.ARM.Collect$$rtentry$$0000000C) for __rt_entry_postli_1
    __rtentry.o(.ARM.Collect$$rtentry$$00000000) refers (Special) to __rtentry2.o(.ARM.Collect$$rtentry$$00000009) for __rt_entry_postsh_1
    __rtentry.o(.ARM.Collect$$rtentry$$00000000) refers (Special) to __rtentry2.o(.ARM.Collect$$rtentry$$00000002) for __rt_entry_presh_1
    __rtentry.o(.ARM.Collect$$rtentry$$00000000) refers (Special) to __rtentry4.o(.ARM.Collect$$rtentry$$00000004) for __rt_entry_sh
    __rtentry2.o(.ARM.Collect$$rtentry$$00000008) refers to boardinit2.o(.text) for _platform_post_stackheap_init
    __rtentry2.o(.ARM.Collect$$rtentry$$0000000A) refers to libinit.o(.ARM.Collect$$libinit$$00000000) for __rt_lib_init
    __rtentry2.o(.ARM.Collect$$rtentry$$0000000B) refers to boardinit3.o(.text) for _platform_post_lib_init
    __rtentry2.o(.ARM.Collect$$rtentry$$0000000D) refers to main.o(.text.main) for main
    __rtentry2.o(.ARM.Collect$$rtentry$$0000000D) refers to exit.o(.text) for exit
    __rtentry2.o(.ARM.exidx) refers to __rtentry2.o(.ARM.Collect$$rtentry$$00000001) for .ARM.Collect$$rtentry$$00000001
    __rtentry2.o(.ARM.exidx) refers to __rtentry2.o(.ARM.Collect$$rtentry$$00000008) for .ARM.Collect$$rtentry$$00000008
    __rtentry2.o(.ARM.exidx) refers to __rtentry2.o(.ARM.Collect$$rtentry$$0000000A) for .ARM.Collect$$rtentry$$0000000A
    __rtentry2.o(.ARM.exidx) refers to __rtentry2.o(.ARM.Collect$$rtentry$$0000000B) for .ARM.Collect$$rtentry$$0000000B
    __rtentry2.o(.ARM.exidx) refers to __rtentry2.o(.ARM.Collect$$rtentry$$0000000D) for .ARM.Collect$$rtentry$$0000000D
    __rtentry4.o(.ARM.Collect$$rtentry$$00000004) refers to sys_stackheap_outer.o(.text) for __user_setup_stackheap
    __rtentry4.o(.ARM.exidx) refers to __rtentry4.o(.ARM.Collect$$rtentry$$00000004) for .ARM.Collect$$rtentry$$00000004
    sys_stackheap_outer.o(.text) refers to libspace.o(.text) for __user_perproc_libspace
    sys_stackheap_outer.o(.text) refers to startup_stm32f411xe.o(.text) for __user_initial_stackheap
    exit.o(.text) refers to rtexit.o(.ARM.Collect$$rtexit$$00000000) for __rt_exit
    libinit.o(.ARM.Collect$$libinit$$00000000) refers (Special) to libinit2.o(.ARM.Collect$$libinit$$00000030) for __rt_lib_init_alloca_1
    libinit.o(.ARM.Collect$$libinit$$00000000) refers (Special) to libinit2.o(.ARM.Collect$$libinit$$0000002E) for __rt_lib_init_argv_1
    libinit.o(.ARM.Collect$$libinit$$00000000) refers (Special) to libinit2.o(.ARM.Collect$$libinit$$0000001D) for __rt_lib_init_atexit_1
    libinit.o(.ARM.Collect$$libinit$$00000000) refers (Special) to libinit2.o(.ARM.Collect$$libinit$$00000023) for __rt_lib_init_clock_1
    libinit.o(.ARM.Collect$$libinit$$00000000) refers (Special) to libinit2.o(.ARM.Collect$$libinit$$00000034) for __rt_lib_init_cpp_1
    libinit.o(.ARM.Collect$$libinit$$00000000) refers (Special) to libinit2.o(.ARM.Collect$$libinit$$00000032) for __rt_lib_init_exceptions_1
    libinit.o(.ARM.Collect$$libinit$$00000000) refers (Special) to libinit2.o(.ARM.Collect$$libinit$$00000001) for __rt_lib_init_fp_1
    libinit.o(.ARM.Collect$$libinit$$00000000) refers (Special) to libinit2.o(.ARM.Collect$$libinit$$00000021) for __rt_lib_init_fp_trap_1
    libinit.o(.ARM.Collect$$libinit$$00000000) refers (Special) to libinit2.o(.ARM.Collect$$libinit$$00000025) for __rt_lib_init_getenv_1
    libinit.o(.ARM.Collect$$libinit$$00000000) refers (Special) to libinit2.o(.ARM.Collect$$libinit$$0000000C) for __rt_lib_init_heap_1
    libinit.o(.ARM.Collect$$libinit$$00000000) refers (Special) to libinit2.o(.ARM.Collect$$libinit$$00000013) for __rt_lib_init_lc_collate_1
    libinit.o(.ARM.Collect$$libinit$$00000000) refers (Special) to libinit2.o(.ARM.Collect$$libinit$$00000015) for __rt_lib_init_lc_ctype_1
    libinit.o(.ARM.Collect$$libinit$$00000000) refers (Special) to libinit2.o(.ARM.Collect$$libinit$$00000017) for __rt_lib_init_lc_monetary_1
    libinit.o(.ARM.Collect$$libinit$$00000000) refers (Special) to libinit2.o(.ARM.Collect$$libinit$$00000019) for __rt_lib_init_lc_numeric_1
    libinit.o(.ARM.Collect$$libinit$$00000000) refers (Special) to libinit2.o(.ARM.Collect$$libinit$$0000001B) for __rt_lib_init_lc_time_1
    libinit.o(.ARM.Collect$$libinit$$00000000) refers (Special) to libinit2.o(.ARM.Collect$$libinit$$00000006) for __rt_lib_init_preinit_1
    libinit.o(.ARM.Collect$$libinit$$00000000) refers (Special) to libinit2.o(.ARM.Collect$$libinit$$00000010) for __rt_lib_init_rand_1
    libinit.o(.ARM.Collect$$libinit$$00000000) refers (Special) to libinit2.o(.ARM.Collect$$libinit$$00000004) for __rt_lib_init_relocate_pie_1
    libinit.o(.ARM.Collect$$libinit$$00000000) refers (Special) to libinit2.o(.ARM.Collect$$libinit$$00000035) for __rt_lib_init_return
    libinit.o(.ARM.Collect$$libinit$$00000000) refers (Special) to libinit2.o(.ARM.Collect$$libinit$$0000001F) for __rt_lib_init_signal_1
    libinit.o(.ARM.Collect$$libinit$$00000000) refers (Special) to libinit2.o(.ARM.Collect$$libinit$$00000027) for __rt_lib_init_stdio_1
    libinit.o(.ARM.Collect$$libinit$$00000000) refers (Special) to libinit2.o(.ARM.Collect$$libinit$$0000000E) for __rt_lib_init_user_alloc_1
    libspace.o(.text) refers to libspace.o(.bss) for __libspace_start
    rtexit.o(.ARM.Collect$$rtexit$$00000000) refers (Special) to rtexit2.o(.ARM.Collect$$rtexit$$00000004) for __rt_exit_exit
    rtexit.o(.ARM.Collect$$rtexit$$00000000) refers (Special) to rtexit2.o(.ARM.Collect$$rtexit$$00000003) for __rt_exit_ls
    rtexit.o(.ARM.Collect$$rtexit$$00000000) refers (Special) to rtexit2.o(.ARM.Collect$$rtexit$$00000002) for __rt_exit_prels_1
    rtexit.o(.ARM.exidx) refers (Special) to rtexit2.o(.ARM.Collect$$rtexit$$00000004) for __rt_exit_exit
    rtexit.o(.ARM.exidx) refers (Special) to rtexit2.o(.ARM.Collect$$rtexit$$00000003) for __rt_exit_ls
    rtexit.o(.ARM.exidx) refers (Special) to rtexit2.o(.ARM.Collect$$rtexit$$00000002) for __rt_exit_prels_1
    rtexit.o(.ARM.exidx) refers to rtexit.o(.ARM.Collect$$rtexit$$00000000) for .ARM.Collect$$rtexit$$00000000
    libinit2.o(.ARM.Collect$$libinit$$00000001) refers to fpinit.o(x$fpl$fpinit) for _fp_init
    libinit2.o(.ARM.Collect$$libinit$$00000012) refers to libinit2.o(.ARM.Collect$$libinit$$00000011) for .ARM.Collect$$libinit$$00000011
    libinit2.o(.ARM.Collect$$libinit$$00000014) refers to libinit2.o(.ARM.Collect$$libinit$$00000011) for .ARM.Collect$$libinit$$00000011
    libinit2.o(.ARM.Collect$$libinit$$00000016) refers to libinit2.o(.ARM.Collect$$libinit$$00000011) for .ARM.Collect$$libinit$$00000011
    libinit2.o(.ARM.Collect$$libinit$$00000018) refers to libinit2.o(.ARM.Collect$$libinit$$00000011) for .ARM.Collect$$libinit$$00000011
    libinit2.o(.ARM.Collect$$libinit$$0000001A) refers to libinit2.o(.ARM.Collect$$libinit$$00000011) for .ARM.Collect$$libinit$$00000011
    libinit2.o(.ARM.Collect$$libinit$$00000028) refers to argv_veneer.o(.emb_text) for __ARM_argv_veneer
    libinit2.o(.ARM.Collect$$libinit$$00000029) refers to argv_veneer.o(.emb_text) for __ARM_argv_veneer
    rtexit2.o(.ARM.Collect$$rtexit$$00000003) refers to libshutdown.o(.ARM.Collect$$libshutdown$$00000000) for __rt_lib_shutdown
    rtexit2.o(.ARM.Collect$$rtexit$$00000004) refers to sys_exit.o(.text) for _sys_exit
    rtexit2.o(.ARM.exidx) refers to rtexit2.o(.ARM.Collect$$rtexit$$00000001) for .ARM.Collect$$rtexit$$00000001
    rtexit2.o(.ARM.exidx) refers to rtexit2.o(.ARM.Collect$$rtexit$$00000003) for .ARM.Collect$$rtexit$$00000003
    rtexit2.o(.ARM.exidx) refers to rtexit2.o(.ARM.Collect$$rtexit$$00000004) for .ARM.Collect$$rtexit$$00000004
    argv_veneer.o(.emb_text) refers to no_argv.o(.text) for __ARM_get_argv
    sys_exit.o(.text) refers (Special) to use_no_semi.o(.text) for __I$use$semihosting
    sys_exit.o(.text) refers (Special) to indicate_semi.o(.text) for __semihosting_library_function
    sys_exit_hlt.o(.text) refers (Special) to use_no_semi.o(.text) for __I$use$semihosting
    sys_exit_hlt.o(.text) refers (Special) to indicate_semi.o(.text) for __semihosting_library_function
    _get_argv_nomalloc.o(.text) refers (Special) to hrguard.o(.text) for __heap_region$guard
    _get_argv_nomalloc.o(.text) refers to defsig_rtmem_outer.o(.text) for __rt_SIGRTMEM
    _get_argv_nomalloc.o(.text) refers to sys_command.o(.text) for _sys_command_string
    libshutdown.o(.ARM.Collect$$libshutdown$$00000000) refers (Special) to libshutdown2.o(.ARM.Collect$$libshutdown$$00000002) for __rt_lib_shutdown_cpp_1
    libshutdown.o(.ARM.Collect$$libshutdown$$00000000) refers (Special) to libshutdown2.o(.ARM.Collect$$libshutdown$$00000007) for __rt_lib_shutdown_fp_trap_1
    libshutdown.o(.ARM.Collect$$libshutdown$$00000000) refers (Special) to libshutdown2.o(.ARM.Collect$$libshutdown$$0000000F) for __rt_lib_shutdown_heap_1
    libshutdown.o(.ARM.Collect$$libshutdown$$00000000) refers (Special) to libshutdown2.o(.ARM.Collect$$libshutdown$$00000010) for __rt_lib_shutdown_return
    libshutdown.o(.ARM.Collect$$libshutdown$$00000000) refers (Special) to libshutdown2.o(.ARM.Collect$$libshutdown$$0000000A) for __rt_lib_shutdown_signal_1
    libshutdown.o(.ARM.Collect$$libshutdown$$00000000) refers (Special) to libshutdown2.o(.ARM.Collect$$libshutdown$$00000004) for __rt_lib_shutdown_stdio_1
    libshutdown.o(.ARM.Collect$$libshutdown$$00000000) refers (Special) to libshutdown2.o(.ARM.Collect$$libshutdown$$0000000C) for __rt_lib_shutdown_user_alloc_1
    sys_command.o(.text) refers (Special) to use_no_semi.o(.text) for __I$use$semihosting
    sys_command.o(.text) refers (Special) to indicate_semi.o(.text) for __semihosting_library_function
    sys_command_hlt.o(.text) refers (Special) to use_no_semi.o(.text) for __I$use$semihosting
    sys_command_hlt.o(.text) refers (Special) to indicate_semi.o(.text) for __semihosting_library_function
    defsig_rtmem_outer.o(.text) refers to defsig_rtmem_inner.o(.text) for __rt_SIGRTMEM_inner
    defsig_rtmem_outer.o(.text) refers to defsig_exit.o(.text) for __sig_exit
    defsig_rtmem_formal.o(.text) refers to rt_raise.o(.text) for __rt_raise
    rt_raise.o(.text) refers to __raise.o(.text) for __raise
    rt_raise.o(.text) refers to sys_exit.o(.text) for _sys_exit
    defsig_exit.o(.text) refers to sys_exit.o(.text) for _sys_exit
    defsig_rtmem_inner.o(.text) refers to defsig_general.o(.text) for __default_signal_display
    __raise.o(.text) refers to defsig.o(CL$$defsig) for __default_signal_handler
    defsig_general.o(.text) refers to sys_wrch.o(.text) for _ttywrch
    sys_wrch.o(.text) refers (Special) to use_no_semi.o(.text) for __I$use$semihosting
    sys_wrch.o(.text) refers (Special) to indicate_semi.o(.text) for __semihosting_library_function
    sys_wrch_hlt.o(.text) refers (Special) to use_no_semi.o(.text) for __I$use$semihosting
    sys_wrch_hlt.o(.text) refers (Special) to indicate_semi.o(.text) for __semihosting_library_function
    defsig.o(CL$$defsig) refers to defsig_rtmem_inner.o(.text) for __rt_SIGRTMEM_inner
    defsig_abrt_inner.o(.text) refers to defsig_general.o(.text) for __default_signal_display
    defsig_fpe_inner.o(.text) refers to defsig_general.o(.text) for __default_signal_display
    defsig_rtred_inner.o(.text) refers to defsig_general.o(.text) for __default_signal_display
    defsig_stak_inner.o(.text) refers to defsig_general.o(.text) for __default_signal_display
    defsig_pvfn_inner.o(.text) refers to defsig_general.o(.text) for __default_signal_display
    defsig_cppl_inner.o(.text) refers to defsig_general.o(.text) for __default_signal_display
    defsig_segv_inner.o(.text) refers to defsig_general.o(.text) for __default_signal_display
    defsig_other.o(.text) refers to defsig_general.o(.text) for __default_signal_display


==============================================================================

Removing Unused input sections from the image.

    Removing rcc_stm32.o(.text), (0 bytes).
    Removing rcc_stm32.o(.ARM.exidx.text.RCC_Configuration), (8 bytes).
    Removing gpio.o(.text), (0 bytes).
    Removing gpio.o(.ARM.exidx.text.GPIO_SetMode), (8 bytes).
    Removing gpio.o(.text.GPIO_SetOutput), (54 bytes).
    Removing gpio.o(.ARM.exidx.text.GPIO_SetOutput), (8 bytes).
    Removing gpio.o(.text.GPIO_SPEED), (58 bytes).
    Removing gpio.o(.ARM.exidx.text.GPIO_SPEED), (8 bytes).
    Removing gpio.o(.text.GPIO_SetPull), (58 bytes).
    Removing gpio.o(.ARM.exidx.text.GPIO_SetPull), (8 bytes).
    Removing gpio.o(.text.GPIO_Set_AFRH), (58 bytes).
    Removing gpio.o(.ARM.exidx.text.GPIO_Set_AFRH), (8 bytes).
    Removing gpio.o(.text.GPIO_Set_AFRL), (58 bytes).
    Removing gpio.o(.ARM.exidx.text.GPIO_Set_AFRL), (8 bytes).
    Removing gpio.o(.ARM.exidx.text.GPIO_Config_Analog), (8 bytes).
    Removing gpio.o(.text.GPIO_Config_Buzzer_Output), (88 bytes).
    Removing gpio.o(.ARM.exidx.text.GPIO_Config_Buzzer_Output), (8 bytes).
    Removing gpio.o(.text.GPIO_Config_Relay_Output), (90 bytes).
    Removing gpio.o(.ARM.exidx.text.GPIO_Config_Relay_Output), (8 bytes).
    Removing gpio.o(.text.GPIO_Config_SPI1), (232 bytes).
    Removing gpio.o(.ARM.exidx.text.GPIO_Config_SPI1), (8 bytes).
    Removing gpio.o(.text.SPI1_Select), (14 bytes).
    Removing gpio.o(.ARM.exidx.text.SPI1_Select), (8 bytes).
    Removing gpio.o(.text.SPI1_Unselect), (12 bytes).
    Removing gpio.o(.ARM.exidx.text.SPI1_Unselect), (8 bytes).
    Removing main.o(.text), (0 bytes).
    Removing main.o(.ARM.exidx.text.main), (8 bytes).
    Removing main.o(.ARM.use_no_argv), (4 bytes).
    Removing spi.o(.text), (0 bytes).
    Removing spi.o(.text.SPI1_Init), (78 bytes).
    Removing spi.o(.ARM.exidx.text.SPI1_Init), (8 bytes).
    Removing spi.o(.text.__NVIC_EnableIRQ), (48 bytes).
    Removing spi.o(.ARM.exidx.text.__NVIC_EnableIRQ), (8 bytes).
    Removing spi.o(.text.SPI1_SetTxBuffer), (50 bytes).
    Removing spi.o(.ARM.exidx.text.SPI1_SetTxBuffer), (8 bytes).
    Removing spi.o(.text.SPI1_ResetBuffer), (14 bytes).
    Removing spi.o(.ARM.exidx.text.SPI1_ResetBuffer), (8 bytes).
    Removing spi.o(.ARM.exidx.text.SPI1_IRQHandler), (8 bytes).
    Removing adc.o(.text), (0 bytes).
    Removing adc.o(.ARM.exidx.text.ADC1_init), (8 bytes).
    Removing adc.o(.text.ADC1_Enable_DMA), (26 bytes).
    Removing adc.o(.ARM.exidx.text.ADC1_Enable_DMA), (8 bytes).
    Removing adc.o(.ARM.exidx.text.ADC1_Read_Polling), (8 bytes).
    Removing adc.o(.text.ADC1_Read_DMA), (54 bytes).
    Removing adc.o(.ARM.exidx.text.ADC1_Read_DMA), (8 bytes).
    Removing adc.o(.bss.adc_buffer), (8 bytes).
    Removing adc_dma.o(.text), (0 bytes).
    Removing adc_dma.o(.ARM.exidx.text.small_delay), (8 bytes).
    Removing adc_dma.o(.text.DMA2_Stream0_Config_ADC), (216 bytes).
    Removing adc_dma.o(.ARM.exidx.text.DMA2_Stream0_Config_ADC), (8 bytes).
    Removing module_actuator.o(.text), (0 bytes).
    Removing module_actuator.o(.text.Buzzer_On), (14 bytes).
    Removing module_actuator.o(.ARM.exidx.text.Buzzer_On), (8 bytes).
    Removing module_actuator.o(.text.Buzzer_Off), (16 bytes).
    Removing module_actuator.o(.ARM.exidx.text.Buzzer_Off), (8 bytes).
    Removing module_actuator.o(.text.Fan_On), (14 bytes).
    Removing module_actuator.o(.ARM.exidx.text.Fan_On), (8 bytes).
    Removing module_actuator.o(.text.Fan_Off), (16 bytes).
    Removing module_actuator.o(.ARM.exidx.text.Fan_Off), (8 bytes).
    Removing fire_detection.o(.text), (0 bytes).
    Removing fire_detection.o(.text.Fire_Update), (82 bytes).
    Removing fire_detection.o(.ARM.exidx.text.Fire_Update), (8 bytes).
    Removing fire_detection.o(.text.Fire_GetState), (12 bytes).
    Removing fire_detection.o(.ARM.exidx.text.Fire_GetState), (8 bytes).
    Removing fire_detection.o(.text.Fire_GetTemperature), (12 bytes).
    Removing fire_detection.o(.ARM.exidx.text.Fire_GetTemperature), (8 bytes).
    Removing fire_detection.o(.text.Fire_GetGas), (12 bytes).
    Removing fire_detection.o(.ARM.exidx.text.Fire_GetGas), (8 bytes).
    Removing fire_detection.o(.bss.fire_state), (1 bytes).
    Removing spi_protocol.o(.text), (0 bytes).
    Removing spi_protocol.o(.text.SPI_Update_packet), (48 bytes).
    Removing spi_protocol.o(.ARM.exidx.text.SPI_Update_packet), (8 bytes).
    Removing spi_protocol.o(.bss.spi_packet), (3 bytes).
    Removing system_stm32f4xx.o(.text), (0 bytes).
    Removing system_stm32f4xx.o(.ARM.exidx.text.SystemInit), (8 bytes).
    Removing system_stm32f4xx.o(.text.SystemCoreClockUpdate), (302 bytes).
    Removing system_stm32f4xx.o(.ARM.exidx.text.SystemCoreClockUpdate), (8 bytes).
    Removing system_stm32f4xx.o(.data.SystemCoreClock), (4 bytes).
    Removing system_stm32f4xx.o(.rodata.AHBPrescTable), (16 bytes).
    Removing system_stm32f4xx.o(.rodata.APBPrescTable), (8 bytes).

80 unused section(s) (total 2068 bytes) removed from the image.

==============================================================================

Image Symbol Table

    Local Symbols

    Symbol Name                              Value     Ov Type        Size  Object(Section)

    ../clib/angel/boardlib.s                 0x00000000   Number         0  boardinit1.o ABSOLUTE
    ../clib/angel/boardlib.s                 0x00000000   Number         0  boardinit2.o ABSOLUTE
    ../clib/angel/boardlib.s                 0x00000000   Number         0  boardinit3.o ABSOLUTE
    ../clib/angel/boardlib.s                 0x00000000   Number         0  boardshut.o ABSOLUTE
    ../clib/angel/handlers.s                 0x00000000   Number         0  __scatter_zi.o ABSOLUTE
    ../clib/angel/kernel.s                   0x00000000   Number         0  __rtentry.o ABSOLUTE
    ../clib/angel/kernel.s                   0x00000000   Number         0  __rtentry2.o ABSOLUTE
    ../clib/angel/kernel.s                   0x00000000   Number         0  __rtentry4.o ABSOLUTE
    ../clib/angel/kernel.s                   0x00000000   Number         0  rtexit.o ABSOLUTE
    ../clib/angel/kernel.s                   0x00000000   Number         0  rtexit2.o ABSOLUTE
    ../clib/angel/rt.s                       0x00000000   Number         0  rt_raise.o ABSOLUTE
    ../clib/angel/scatter.s                  0x00000000   Number         0  __scatter.o ABSOLUTE
    ../clib/angel/startup.s                  0x00000000   Number         0  __main.o ABSOLUTE
    ../clib/angel/sys.s                      0x00000000   Number         0  sys_stackheap_outer.o ABSOLUTE
    ../clib/angel/sys.s                      0x00000000   Number         0  libspace.o ABSOLUTE
    ../clib/angel/sys.s                      0x00000000   Number         0  use_no_semi.o ABSOLUTE
    ../clib/angel/sys.s                      0x00000000   Number         0  indicate_semi.o ABSOLUTE
    ../clib/angel/sysapp.c                   0x00000000   Number         0  sys_exit.o ABSOLUTE
    ../clib/angel/sysapp.c                   0x00000000   Number         0  sys_exit_hlt.o ABSOLUTE
    ../clib/angel/sysapp.c                   0x00000000   Number         0  sys_command.o ABSOLUTE
    ../clib/angel/sysapp.c                   0x00000000   Number         0  sys_command_hlt.o ABSOLUTE
    ../clib/angel/sysapp.c                   0x00000000   Number         0  sys_wrch.o ABSOLUTE
    ../clib/angel/sysapp.c                   0x00000000   Number         0  sys_wrch_hlt.o ABSOLUTE
    ../clib/armsys.c                         0x00000000   Number         0  argv_veneer.o ABSOLUTE
    ../clib/armsys.c                         0x00000000   Number         0  argv_veneer.o ABSOLUTE
    ../clib/armsys.c                         0x00000000   Number         0  _get_argv_nomalloc.o ABSOLUTE
    ../clib/armsys.c                         0x00000000   Number         0  no_argv.o ABSOLUTE
    ../clib/heapalloc.c                      0x00000000   Number         0  hrguard.o ABSOLUTE
    ../clib/heapaux.c                        0x00000000   Number         0  heapauxi.o ABSOLUTE
    ../clib/libinit.s                        0x00000000   Number         0  libinit.o ABSOLUTE
    ../clib/libinit.s                        0x00000000   Number         0  libinit2.o ABSOLUTE
    ../clib/libinit.s                        0x00000000   Number         0  libshutdown.o ABSOLUTE
    ../clib/libinit.s                        0x00000000   Number         0  libshutdown2.o ABSOLUTE
    ../clib/signal.c                         0x00000000   Number         0  defsig_rtmem_outer.o ABSOLUTE
    ../clib/signal.c                         0x00000000   Number         0  defsig_rtmem_formal.o ABSOLUTE
    ../clib/signal.c                         0x00000000   Number         0  defsig_exit.o ABSOLUTE
    ../clib/signal.c                         0x00000000   Number         0  defsig_rtmem_inner.o ABSOLUTE
    ../clib/signal.c                         0x00000000   Number         0  __raise.o ABSOLUTE
    ../clib/signal.c                         0x00000000   Number         0  defsig_general.o ABSOLUTE
    ../clib/signal.c                         0x00000000   Number         0  defsig_abrt_inner.o ABSOLUTE
    ../clib/signal.c                         0x00000000   Number         0  defsig_fpe_inner.o ABSOLUTE
    ../clib/signal.c                         0x00000000   Number         0  defsig_rtred_inner.o ABSOLUTE
    ../clib/signal.c                         0x00000000   Number         0  defsig_stak_inner.o ABSOLUTE
    ../clib/signal.c                         0x00000000   Number         0  defsig_pvfn_inner.o ABSOLUTE
    ../clib/signal.c                         0x00000000   Number         0  defsig_cppl_inner.o ABSOLUTE
    ../clib/signal.c                         0x00000000   Number         0  defsig_segv_inner.o ABSOLUTE
    ../clib/signal.c                         0x00000000   Number         0  defsig_other.o ABSOLUTE
    ../clib/signal.s                         0x00000000   Number         0  defsig.o ABSOLUTE
    ../clib/stdlib.c                         0x00000000   Number         0  exit.o ABSOLUTE
    ../fplib/fpinit.s                        0x00000000   Number         0  fpinit.o ABSOLUTE
    ADC.c                                    0x00000000   Number         0  adc.o ABSOLUTE
    ADC_DMA.c                                0x00000000   Number         0  adc_dma.o ABSOLUTE
    Fire_detection.c                         0x00000000   Number         0  fire_detection.o ABSOLUTE
    GPIO.c                                   0x00000000   Number         0  gpio.o ABSOLUTE
    RCC_STM32.c                              0x00000000   Number         0  rcc_stm32.o ABSOLUTE
    RTE/Device/STM32F411VETx/startup_stm32f411xe.s 0x00000000   Number         0  startup_stm32f411xe.o ABSOLUTE
    SPI.c                                    0x00000000   Number         0  spi.o ABSOLUTE
    SPI_Protocol.c                           0x00000000   Number         0  spi_protocol.o ABSOLUTE
    dc.s                                     0x00000000   Number         0  dc.o ABSOLUTE
    main.c                                   0x00000000   Number         0  main.o ABSOLUTE
    module_actuator.c                        0x00000000   Number         0  module_actuator.o ABSOLUTE
    system_stm32f4xx.c                       0x00000000   Number         0  system_stm32f4xx.o ABSOLUTE
    RESET                                    0x08000000   Section      408  startup_stm32f411xe.o(RESET)
    !!!main                                  0x08000198   Section        8  __main.o(!!!main)
    !!!scatter                               0x080001a0   Section       92  __scatter.o(!!!scatter)
    !!handler_null                           0x080001fc   Section        2  __scatter.o(!!handler_null)
    !!handler_zi                             0x08000200   Section       28  __scatter_zi.o(!!handler_zi)
    .ARM.Collect$$libinit$$00000000          0x0800021c   Section        2  libinit.o(.ARM.Collect$$libinit$$00000000)
    .ARM.Collect$$libinit$$00000001          0x0800021e   Section        4  libinit2.o(.ARM.Collect$$libinit$$00000001)
    .ARM.Collect$$libinit$$00000004          0x08000222   Section        0  libinit2.o(.ARM.Collect$$libinit$$00000004)
    .ARM.Collect$$libinit$$00000006          0x08000222   Section        0  libinit2.o(.ARM.Collect$$libinit$$00000006)
    .ARM.Collect$$libinit$$0000000C          0x08000222   Section        0  libinit2.o(.ARM.Collect$$libinit$$0000000C)
    .ARM.Collect$$libinit$$0000000E          0x08000222   Section        0  libinit2.o(.ARM.Collect$$libinit$$0000000E)
    .ARM.Collect$$libinit$$00000010          0x08000222   Section        0  libinit2.o(.ARM.Collect$$libinit$$00000010)
    .ARM.Collect$$libinit$$00000013          0x08000222   Section        0  libinit2.o(.ARM.Collect$$libinit$$00000013)
    .ARM.Collect$$libinit$$00000015          0x08000222   Section        0  libinit2.o(.ARM.Collect$$libinit$$00000015)
    .ARM.Collect$$libinit$$00000017          0x08000222   Section        0  libinit2.o(.ARM.Collect$$libinit$$00000017)
    .ARM.Collect$$libinit$$00000019          0x08000222   Section        0  libinit2.o(.ARM.Collect$$libinit$$00000019)
    .ARM.Collect$$libinit$$0000001B          0x08000222   Section        0  libinit2.o(.ARM.Collect$$libinit$$0000001B)
    .ARM.Collect$$libinit$$0000001D          0x08000222   Section        0  libinit2.o(.ARM.Collect$$libinit$$0000001D)
    .ARM.Collect$$libinit$$0000001F          0x08000222   Section        0  libinit2.o(.ARM.Collect$$libinit$$0000001F)
    .ARM.Collect$$libinit$$00000021          0x08000222   Section        0  libinit2.o(.ARM.Collect$$libinit$$00000021)
    .ARM.Collect$$libinit$$00000023          0x08000222   Section        0  libinit2.o(.ARM.Collect$$libinit$$00000023)
    .ARM.Collect$$libinit$$00000025          0x08000222   Section        0  libinit2.o(.ARM.Collect$$libinit$$00000025)
    .ARM.Collect$$libinit$$00000027          0x08000222   Section        0  libinit2.o(.ARM.Collect$$libinit$$00000027)
    .ARM.Collect$$libinit$$0000002E          0x08000222   Section        0  libinit2.o(.ARM.Collect$$libinit$$0000002E)
    .ARM.Collect$$libinit$$00000030          0x08000222   Section        0  libinit2.o(.ARM.Collect$$libinit$$00000030)
    .ARM.Collect$$libinit$$00000032          0x08000222   Section        0  libinit2.o(.ARM.Collect$$libinit$$00000032)
    .ARM.Collect$$libinit$$00000034          0x08000222   Section        0  libinit2.o(.ARM.Collect$$libinit$$00000034)
    .ARM.Collect$$libinit$$00000035          0x08000222   Section        2  libinit2.o(.ARM.Collect$$libinit$$00000035)
    .ARM.Collect$$libshutdown$$00000000      0x08000224   Section        2  libshutdown.o(.ARM.Collect$$libshutdown$$00000000)
    .ARM.Collect$$libshutdown$$00000002      0x08000226   Section        0  libshutdown2.o(.ARM.Collect$$libshutdown$$00000002)
    .ARM.Collect$$libshutdown$$00000004      0x08000226   Section        0  libshutdown2.o(.ARM.Collect$$libshutdown$$00000004)
    .ARM.Collect$$libshutdown$$00000007      0x08000226   Section        0  libshutdown2.o(.ARM.Collect$$libshutdown$$00000007)
    .ARM.Collect$$libshutdown$$0000000A      0x08000226   Section        0  libshutdown2.o(.ARM.Collect$$libshutdown$$0000000A)
    .ARM.Collect$$libshutdown$$0000000C      0x08000226   Section        0  libshutdown2.o(.ARM.Collect$$libshutdown$$0000000C)
    .ARM.Collect$$libshutdown$$0000000F      0x08000226   Section        0  libshutdown2.o(.ARM.Collect$$libshutdown$$0000000F)
    .ARM.Collect$$libshutdown$$00000010      0x08000226   Section        2  libshutdown2.o(.ARM.Collect$$libshutdown$$00000010)
    .ARM.Collect$$rtentry$$00000000          0x08000228   Section        0  __rtentry.o(.ARM.Collect$$rtentry$$00000000)
    .ARM.Collect$$rtentry$$00000002          0x08000228   Section        0  __rtentry2.o(.ARM.Collect$$rtentry$$00000002)
    .ARM.Collect$$rtentry$$00000004          0x08000228   Section        6  __rtentry4.o(.ARM.Collect$$rtentry$$00000004)
    .ARM.Collect$$rtentry$$00000009          0x0800022e   Section        0  __rtentry2.o(.ARM.Collect$$rtentry$$00000009)
    .ARM.Collect$$rtentry$$0000000A          0x0800022e   Section        4  __rtentry2.o(.ARM.Collect$$rtentry$$0000000A)
    .ARM.Collect$$rtentry$$0000000C          0x08000232   Section        0  __rtentry2.o(.ARM.Collect$$rtentry$$0000000C)
    .ARM.Collect$$rtentry$$0000000D          0x08000232   Section        8  __rtentry2.o(.ARM.Collect$$rtentry$$0000000D)
    .ARM.Collect$$rtexit$$00000000           0x0800023a   Section        2  rtexit.o(.ARM.Collect$$rtexit$$00000000)
    .ARM.Collect$$rtexit$$00000002           0x0800023c   Section        0  rtexit2.o(.ARM.Collect$$rtexit$$00000002)
    .ARM.Collect$$rtexit$$00000003           0x0800023c   Section        4  rtexit2.o(.ARM.Collect$$rtexit$$00000003)
    .ARM.Collect$$rtexit$$00000004           0x08000240   Section        6  rtexit2.o(.ARM.Collect$$rtexit$$00000004)
    $v0                                      0x08000248   Number         0  startup_stm32f411xe.o(.text)
    .text                                    0x08000248   Section       64  startup_stm32f411xe.o(.text)
    .text                                    0x08000288   Section        0  heapauxi.o(.text)
    .text                                    0x0800028e   Section       74  sys_stackheap_outer.o(.text)
    .text                                    0x080002d8   Section        0  exit.o(.text)
    .text                                    0x080002ec   Section        8  libspace.o(.text)
    .text                                    0x080002f4   Section        0  sys_exit.o(.text)
    .text                                    0x08000300   Section        2  use_no_semi.o(.text)
    .text                                    0x08000302   Section        0  indicate_semi.o(.text)
    [Anonymous Symbol]                       0x08000304   Section        0  adc.o(.text.ADC1_Read_Polling)
    [Anonymous Symbol]                       0x08000368   Section        0  adc.o(.text.ADC1_init)
    [Anonymous Symbol]                       0x08000434   Section        0  gpio.o(.text.GPIO_Config_Analog)
    [Anonymous Symbol]                       0x0800047c   Section        0  gpio.o(.text.GPIO_SetMode)
    [Anonymous Symbol]                       0x080004b8   Section        0  rcc_stm32.o(.text.RCC_Configuration)
    [Anonymous Symbol]                       0x08000548   Section        0  spi.o(.text.SPI1_IRQHandler)
    [Anonymous Symbol]                       0x080005ac   Section        0  system_stm32f4xx.o(.text.SystemInit)
    [Anonymous Symbol]                       0x080005c0   Section        0  main.o(.text.main)
    [Anonymous Symbol]                       0x080005e8   Section        0  adc_dma.o(.text.small_delay)
    $v0                                      0x08000600   Number         0  fpinit.o(x$fpl$fpinit)
    x$fpl$fpinit                             0x08000600   Section       26  fpinit.o(x$fpl$fpinit)
    .bss                                     0x20000000   Section       96  libspace.o(.bss)
    spi_tx_buffer                            0x20000060   Data           4  spi.o(.bss.spi_tx_buffer)
    [Anonymous Symbol]                       0x20000060   Section        0  spi.o(.bss.spi_tx_buffer)
    spi_tx_index                             0x20000064   Data           2  spi.o(.bss.spi_tx_index)
    [Anonymous Symbol]                       0x20000064   Section        0  spi.o(.bss.spi_tx_index)
    spi_tx_length                            0x20000066   Data           2  spi.o(.bss.spi_tx_length)
    [Anonymous Symbol]                       0x20000066   Section        0  spi.o(.bss.spi_tx_length)
    Heap_Mem                                 0x20000068   Data         512  startup_stm32f411xe.o(HEAP)
    HEAP                                     0x20000068   Section      512  startup_stm32f411xe.o(HEAP)
    Stack_Mem                                0x20000268   Data        1024  startup_stm32f411xe.o(STACK)
    STACK                                    0x20000268   Section     1024  startup_stm32f411xe.o(STACK)
    __initial_sp                             0x20000668   Data           0  startup_stm32f411xe.o(STACK)

    Global Symbols

    Symbol Name                              Value     Ov Type        Size  Object(Section)

    BuildAttributes$$THM_ISAv4$E$P$D$K$B$S$7EM$VFPi3$EXTD16$VFPS$VFMA$PE$A:L22UL41UL21$X:L11$S22US41US21$IEEE1$IW$~IW$USESV6$~STKCKD$USESV7$~SHL$OSPACE$ROPI$EBA8$UX$STANDARDLIB$REQ8$PRES8$EABIv2 0x00000000   Number         0  anon$$obj.o ABSOLUTE
    __ARM_exceptions_init                     - Undefined Weak Reference
    __alloca_initialize                       - Undefined Weak Reference
    __arm_preinit_                            - Undefined Weak Reference
    __arm_relocate_pie_                       - Undefined Weak Reference
    __cpp_initialize__aeabi_                  - Undefined Weak Reference
    __cxa_finalize                            - Undefined Weak Reference
    __rt_locale                               - Undefined Weak Reference
    __sigvec_lookup                           - Undefined Weak Reference
    _atexit_init                              - Undefined Weak Reference
    _call_atexit_fns                          - Undefined Weak Reference
    _clock_init                               - Undefined Weak Reference
    _fp_trap_init                             - Undefined Weak Reference
    _fp_trap_shutdown                         - Undefined Weak Reference
    _get_lc_collate                           - Undefined Weak Reference
    _get_lc_ctype                             - Undefined Weak Reference
    _get_lc_monetary                          - Undefined Weak Reference
    _get_lc_numeric                           - Undefined Weak Reference
    _get_lc_time                              - Undefined Weak Reference
    _getenv_init                              - Undefined Weak Reference
    _handle_redirection                       - Undefined Weak Reference
    _init_alloc                               - Undefined Weak Reference
    _init_user_alloc                          - Undefined Weak Reference
    _initio                                   - Undefined Weak Reference
    _rand_init                                - Undefined Weak Reference
    _signal_finish                            - Undefined Weak Reference
    _signal_init                              - Undefined Weak Reference
    _terminate_alloc                          - Undefined Weak Reference
    _terminate_user_alloc                     - Undefined Weak Reference
    _terminateio                              - Undefined Weak Reference
    __Vectors_Size                           0x00000198   Number         0  startup_stm32f411xe.o ABSOLUTE
    __Vectors                                0x08000000   Data           4  startup_stm32f411xe.o(RESET)
    __Vectors_End                            0x08000198   Data           0  startup_stm32f411xe.o(RESET)
    __main                                   0x08000199   Thumb Code     8  __main.o(!!!main)
    __scatterload                            0x080001a1   Thumb Code     0  __scatter.o(!!!scatter)
    __scatterload_rt2                        0x080001a1   Thumb Code    84  __scatter.o(!!!scatter)
    __scatterload_rt2_thumb_only             0x080001a1   Thumb Code     0  __scatter.o(!!!scatter)
    __scatterload_loop                       0x080001ab   Thumb Code     0  __scatter.o(!!!scatter)
    __scatterload_null                       0x080001fd   Thumb Code     2  __scatter.o(!!handler_null)
    __scatterload_zeroinit                   0x08000201   Thumb Code    28  __scatter_zi.o(!!handler_zi)
    __rt_lib_init                            0x0800021d   Thumb Code     0  libinit.o(.ARM.Collect$$libinit$$00000000)
    __rt_lib_init_fp_1                       0x0800021f   Thumb Code     0  libinit2.o(.ARM.Collect$$libinit$$00000001)
    __rt_lib_init_alloca_1                   0x08000223   Thumb Code     0  libinit2.o(.ARM.Collect$$libinit$$00000030)
    __rt_lib_init_argv_1                     0x08000223   Thumb Code     0  libinit2.o(.ARM.Collect$$libinit$$0000002E)
    __rt_lib_init_atexit_1                   0x08000223   Thumb Code     0  libinit2.o(.ARM.Collect$$libinit$$0000001D)
    __rt_lib_init_clock_1                    0x08000223   Thumb Code     0  libinit2.o(.ARM.Collect$$libinit$$00000023)
    __rt_lib_init_cpp_1                      0x08000223   Thumb Code     0  libinit2.o(.ARM.Collect$$libinit$$00000034)
    __rt_lib_init_exceptions_1               0x08000223   Thumb Code     0  libinit2.o(.ARM.Collect$$libinit$$00000032)
    __rt_lib_init_fp_trap_1                  0x08000223   Thumb Code     0  libinit2.o(.ARM.Collect$$libinit$$00000021)
    __rt_lib_init_getenv_1                   0x08000223   Thumb Code     0  libinit2.o(.ARM.Collect$$libinit$$00000025)
    __rt_lib_init_heap_1                     0x08000223   Thumb Code     0  libinit2.o(.ARM.Collect$$libinit$$0000000C)
    __rt_lib_init_lc_collate_1               0x08000223   Thumb Code     0  libinit2.o(.ARM.Collect$$libinit$$00000013)
    __rt_lib_init_lc_ctype_1                 0x08000223   Thumb Code     0  libinit2.o(.ARM.Collect$$libinit$$00000015)
    __rt_lib_init_lc_monetary_1              0x08000223   Thumb Code     0  libinit2.o(.ARM.Collect$$libinit$$00000017)
    __rt_lib_init_lc_numeric_1               0x08000223   Thumb Code     0  libinit2.o(.ARM.Collect$$libinit$$00000019)
    __rt_lib_init_lc_time_1                  0x08000223   Thumb Code     0  libinit2.o(.ARM.Collect$$libinit$$0000001B)
    __rt_lib_init_preinit_1                  0x08000223   Thumb Code     0  libinit2.o(.ARM.Collect$$libinit$$00000006)
    __rt_lib_init_rand_1                     0x08000223   Thumb Code     0  libinit2.o(.ARM.Collect$$libinit$$00000010)
    __rt_lib_init_relocate_pie_1             0x08000223   Thumb Code     0  libinit2.o(.ARM.Collect$$libinit$$00000004)
    __rt_lib_init_return                     0x08000223   Thumb Code     0  libinit2.o(.ARM.Collect$$libinit$$00000035)
    __rt_lib_init_signal_1                   0x08000223   Thumb Code     0  libinit2.o(.ARM.Collect$$libinit$$0000001F)
    __rt_lib_init_stdio_1                    0x08000223   Thumb Code     0  libinit2.o(.ARM.Collect$$libinit$$00000027)
    __rt_lib_init_user_alloc_1               0x08000223   Thumb Code     0  libinit2.o(.ARM.Collect$$libinit$$0000000E)
    __rt_lib_shutdown                        0x08000225   Thumb Code     0  libshutdown.o(.ARM.Collect$$libshutdown$$00000000)
    __rt_lib_shutdown_cpp_1                  0x08000227   Thumb Code     0  libshutdown2.o(.ARM.Collect$$libshutdown$$00000002)
    __rt_lib_shutdown_fp_trap_1              0x08000227   Thumb Code     0  libshutdown2.o(.ARM.Collect$$libshutdown$$00000007)
    __rt_lib_shutdown_heap_1                 0x08000227   Thumb Code     0  libshutdown2.o(.ARM.Collect$$libshutdown$$0000000F)
    __rt_lib_shutdown_return                 0x08000227   Thumb Code     0  libshutdown2.o(.ARM.Collect$$libshutdown$$00000010)
    __rt_lib_shutdown_signal_1               0x08000227   Thumb Code     0  libshutdown2.o(.ARM.Collect$$libshutdown$$0000000A)
    __rt_lib_shutdown_stdio_1                0x08000227   Thumb Code     0  libshutdown2.o(.ARM.Collect$$libshutdown$$00000004)
    __rt_lib_shutdown_user_alloc_1           0x08000227   Thumb Code     0  libshutdown2.o(.ARM.Collect$$libshutdown$$0000000C)
    __rt_entry                               0x08000229   Thumb Code     0  __rtentry.o(.ARM.Collect$$rtentry$$00000000)
    __rt_entry_presh_1                       0x08000229   Thumb Code     0  __rtentry2.o(.ARM.Collect$$rtentry$$00000002)
    __rt_entry_sh                            0x08000229   Thumb Code     0  __rtentry4.o(.ARM.Collect$$rtentry$$00000004)
    __rt_entry_li                            0x0800022f   Thumb Code     0  __rtentry2.o(.ARM.Collect$$rtentry$$0000000A)
    __rt_entry_postsh_1                      0x0800022f   Thumb Code     0  __rtentry2.o(.ARM.Collect$$rtentry$$00000009)
    __rt_entry_main                          0x08000233   Thumb Code     0  __rtentry2.o(.ARM.Collect$$rtentry$$0000000D)
    __rt_entry_postli_1                      0x08000233   Thumb Code     0  __rtentry2.o(.ARM.Collect$$rtentry$$0000000C)
    __rt_exit                                0x0800023b   Thumb Code     0  rtexit.o(.ARM.Collect$$rtexit$$00000000)
    __rt_exit_ls                             0x0800023d   Thumb Code     0  rtexit2.o(.ARM.Collect$$rtexit$$00000003)
    __rt_exit_prels_1                        0x0800023d   Thumb Code     0  rtexit2.o(.ARM.Collect$$rtexit$$00000002)
    __rt_exit_exit                           0x08000241   Thumb Code     0  rtexit2.o(.ARM.Collect$$rtexit$$00000004)
    Reset_Handler                            0x08000249   Thumb Code     8  startup_stm32f411xe.o(.text)
    NMI_Handler                              0x08000251   Thumb Code     2  startup_stm32f411xe.o(.text)
    HardFault_Handler                        0x08000253   Thumb Code     2  startup_stm32f411xe.o(.text)
    MemManage_Handler                        0x08000255   Thumb Code     2  startup_stm32f411xe.o(.text)
    BusFault_Handler                         0x08000257   Thumb Code     2  startup_stm32f411xe.o(.text)
    UsageFault_Handler                       0x08000259   Thumb Code     2  startup_stm32f411xe.o(.text)
    SVC_Handler                              0x0800025b   Thumb Code     2  startup_stm32f411xe.o(.text)
    DebugMon_Handler                         0x0800025d   Thumb Code     2  startup_stm32f411xe.o(.text)
    PendSV_Handler                           0x0800025f   Thumb Code     2  startup_stm32f411xe.o(.text)
    SysTick_Handler                          0x08000261   Thumb Code     2  startup_stm32f411xe.o(.text)
    ADC_IRQHandler                           0x08000263   Thumb Code     0  startup_stm32f411xe.o(.text)
    DMA1_Stream0_IRQHandler                  0x08000263   Thumb Code     0  startup_stm32f411xe.o(.text)
    DMA1_Stream1_IRQHandler                  0x08000263   Thumb Code     0  startup_stm32f411xe.o(.text)
    DMA1_Stream2_IRQHandler                  0x08000263   Thumb Code     0  startup_stm32f411xe.o(.text)
    DMA1_Stream3_IRQHandler                  0x08000263   Thumb Code     0  startup_stm32f411xe.o(.text)
    DMA1_Stream4_IRQHandler                  0x08000263   Thumb Code     0  startup_stm32f411xe.o(.text)
    DMA1_Stream5_IRQHandler                  0x08000263   Thumb Code     0  startup_stm32f411xe.o(.text)
    DMA1_Stream6_IRQHandler                  0x08000263   Thumb Code     0  startup_stm32f411xe.o(.text)
    DMA1_Stream7_IRQHandler                  0x08000263   Thumb Code     0  startup_stm32f411xe.o(.text)
    DMA2_Stream0_IRQHandler                  0x08000263   Thumb Code     0  startup_stm32f411xe.o(.text)
    DMA2_Stream1_IRQHandler                  0x08000263   Thumb Code     0  startup_stm32f411xe.o(.text)
    DMA2_Stream2_IRQHandler                  0x08000263   Thumb Code     0  startup_stm32f411xe.o(.text)
    DMA2_Stream3_IRQHandler                  0x08000263   Thumb Code     0  startup_stm32f411xe.o(.text)
    DMA2_Stream4_IRQHandler                  0x08000263   Thumb Code     0  startup_stm32f411xe.o(.text)
    DMA2_Stream5_IRQHandler                  0x08000263   Thumb Code     0  startup_stm32f411xe.o(.text)
    DMA2_Stream6_IRQHandler                  0x08000263   Thumb Code     0  startup_stm32f411xe.o(.text)
    DMA2_Stream7_IRQHandler                  0x08000263   Thumb Code     0  startup_stm32f411xe.o(.text)
    EXTI0_IRQHandler                         0x08000263   Thumb Code     0  startup_stm32f411xe.o(.text)
    EXTI15_10_IRQHandler                     0x08000263   Thumb Code     0  startup_stm32f411xe.o(.text)
    EXTI1_IRQHandler                         0x08000263   Thumb Code     0  startup_stm32f411xe.o(.text)
    EXTI2_IRQHandler                         0x08000263   Thumb Code     0  startup_stm32f411xe.o(.text)
    EXTI3_IRQHandler                         0x08000263   Thumb Code     0  startup_stm32f411xe.o(.text)
    EXTI4_IRQHandler                         0x08000263   Thumb Code     0  startup_stm32f411xe.o(.text)
    EXTI9_5_IRQHandler                       0x08000263   Thumb Code     0  startup_stm32f411xe.o(.text)
    FLASH_IRQHandler                         0x08000263   Thumb Code     0  startup_stm32f411xe.o(.text)
    FPU_IRQHandler                           0x08000263   Thumb Code     0  startup_stm32f411xe.o(.text)
    I2C1_ER_IRQHandler                       0x08000263   Thumb Code     0  startup_stm32f411xe.o(.text)
    I2C1_EV_IRQHandler                       0x08000263   Thumb Code     0  startup_stm32f411xe.o(.text)
    I2C2_ER_IRQHandler                       0x08000263   Thumb Code     0  startup_stm32f411xe.o(.text)
    I2C2_EV_IRQHandler                       0x08000263   Thumb Code     0  startup_stm32f411xe.o(.text)
    I2C3_ER_IRQHandler                       0x08000263   Thumb Code     0  startup_stm32f411xe.o(.text)
    I2C3_EV_IRQHandler                       0x08000263   Thumb Code     0  startup_stm32f411xe.o(.text)
    OTG_FS_IRQHandler                        0x08000263   Thumb Code     0  startup_stm32f411xe.o(.text)
    OTG_FS_WKUP_IRQHandler                   0x08000263   Thumb Code     0  startup_stm32f411xe.o(.text)
    PVD_IRQHandler                           0x08000263   Thumb Code     0  startup_stm32f411xe.o(.text)
    RCC_IRQHandler                           0x08000263   Thumb Code     0  startup_stm32f411xe.o(.text)
    RTC_Alarm_IRQHandler                     0x08000263   Thumb Code     0  startup_stm32f411xe.o(.text)
    RTC_WKUP_IRQHandler                      0x08000263   Thumb Code     0  startup_stm32f411xe.o(.text)
    SDIO_IRQHandler                          0x08000263   Thumb Code     0  startup_stm32f411xe.o(.text)
    SPI2_IRQHandler                          0x08000263   Thumb Code     0  startup_stm32f411xe.o(.text)
    SPI3_IRQHandler                          0x08000263   Thumb Code     0  startup_stm32f411xe.o(.text)
    SPI4_IRQHandler                          0x08000263   Thumb Code     0  startup_stm32f411xe.o(.text)
    SPI5_IRQHandler                          0x08000263   Thumb Code     0  startup_stm32f411xe.o(.text)
    TAMP_STAMP_IRQHandler                    0x08000263   Thumb Code     0  startup_stm32f411xe.o(.text)
    TIM1_BRK_TIM9_IRQHandler                 0x08000263   Thumb Code     0  startup_stm32f411xe.o(.text)
    TIM1_CC_IRQHandler                       0x08000263   Thumb Code     0  startup_stm32f411xe.o(.text)
    TIM1_TRG_COM_TIM11_IRQHandler            0x08000263   Thumb Code     0  startup_stm32f411xe.o(.text)
    TIM1_UP_TIM10_IRQHandler                 0x08000263   Thumb Code     0  startup_stm32f411xe.o(.text)
    TIM2_IRQHandler                          0x08000263   Thumb Code     0  startup_stm32f411xe.o(.text)
    TIM3_IRQHandler                          0x08000263   Thumb Code     0  startup_stm32f411xe.o(.text)
    TIM4_IRQHandler                          0x08000263   Thumb Code     0  startup_stm32f411xe.o(.text)
    TIM5_IRQHandler                          0x08000263   Thumb Code     0  startup_stm32f411xe.o(.text)
    USART1_IRQHandler                        0x08000263   Thumb Code     0  startup_stm32f411xe.o(.text)
    USART2_IRQHandler                        0x08000263   Thumb Code     0  startup_stm32f411xe.o(.text)
    USART6_IRQHandler                        0x08000263   Thumb Code     0  startup_stm32f411xe.o(.text)
    WWDG_IRQHandler                          0x08000263   Thumb Code     0  startup_stm32f411xe.o(.text)
    __user_initial_stackheap                 0x08000265   Thumb Code     0  startup_stm32f411xe.o(.text)
    __use_two_region_memory                  0x08000289   Thumb Code     2  heapauxi.o(.text)
    __rt_heap_escrow$2region                 0x0800028b   Thumb Code     2  heapauxi.o(.text)
    __rt_heap_expand$2region                 0x0800028d   Thumb Code     2  heapauxi.o(.text)
    __user_setup_stackheap                   0x0800028f   Thumb Code    74  sys_stackheap_outer.o(.text)
    exit                                     0x080002d9   Thumb Code    18  exit.o(.text)
    __user_libspace                          0x080002ed   Thumb Code     8  libspace.o(.text)
    __user_perproc_libspace                  0x080002ed   Thumb Code     0  libspace.o(.text)
    __user_perthread_libspace                0x080002ed   Thumb Code     0  libspace.o(.text)
    _sys_exit                                0x080002f5   Thumb Code     8  sys_exit.o(.text)
    __I$use$semihosting                      0x08000301   Thumb Code     0  use_no_semi.o(.text)
    __use_no_semihosting_swi                 0x08000301   Thumb Code     2  use_no_semi.o(.text)
    __semihosting_library_function           0x08000303   Thumb Code     0  indicate_semi.o(.text)
    ADC1_Read_Polling                        0x08000305   Thumb Code    98  adc.o(.text.ADC1_Read_Polling)
    ADC1_init                                0x08000369   Thumb Code   202  adc.o(.text.ADC1_init)
    GPIO_Config_Analog                       0x08000435   Thumb Code    72  gpio.o(.text.GPIO_Config_Analog)
    GPIO_SetMode                             0x0800047d   Thumb Code    58  gpio.o(.text.GPIO_SetMode)
    RCC_Configuration                        0x080004b9   Thumb Code   144  rcc_stm32.o(.text.RCC_Configuration)
    SPI1_IRQHandler                          0x08000549   Thumb Code   100  spi.o(.text.SPI1_IRQHandler)
    SystemInit                               0x080005ad   Thumb Code    18  system_stm32f4xx.o(.text.SystemInit)
    main                                     0x080005c1   Thumb Code    38  main.o(.text.main)
    small_delay                              0x080005e9   Thumb Code    24  adc_dma.o(.text.small_delay)
    _fp_init                                 0x08000601   Thumb Code    26  fpinit.o(x$fpl$fpinit)
    __fplib_config_fpu_vfp                   0x08000619   Thumb Code     0  fpinit.o(x$fpl$fpinit)
    __fplib_config_pureend_doubles           0x08000619   Thumb Code     0  fpinit.o(x$fpl$fpinit)
    Region$$Table$$Base                      0x0800061c   Number         0  anon$$obj.o(Region$$Table)
    Region$$Table$$Limit                     0x0800062c   Number         0  anon$$obj.o(Region$$Table)
    __libspace_start                         0x20000000   Data          96  libspace.o(.bss)
    __temporary_stack_top$libspace           0x20000060   Data           0  libspace.o(.bss)



==============================================================================

Memory Map of the image

  Image Entry point : 0x08000249

  Load Region LR_1 (Base: 0x08000000, Size: 0x0000062c, Max: 0xffffffff, ABSOLUTE)

    Execution Region ER_RO (Exec base: 0x08000000, Load base: 0x08000000, Size: 0x0000062c, Max: 0xffffffff, ABSOLUTE)

    Exec Addr    Load Addr    Size         Type   Attr      Idx    E Section Name        Object

    0x08000000   0x08000000   0x00000198   Data   RO          138    RESET               startup_stm32f411xe.o
    0x08000198   0x08000198   0x00000008   Code   RO          163  * !!!main             c_w.l(__main.o)
    0x080001a0   0x080001a0   0x0000005c   Code   RO          328    !!!scatter          c_w.l(__scatter.o)
    0x080001fc   0x080001fc   0x00000002   Code   RO          329    !!handler_null      c_w.l(__scatter.o)
    0x080001fe   0x080001fe   0x00000002   PAD
    0x08000200   0x08000200   0x0000001c   Code   RO          332    !!handler_zi        c_w.l(__scatter_zi.o)
    0x0800021c   0x0800021c   0x00000002   Code   RO          190    .ARM.Collect$$libinit$$00000000  c_w.l(libinit.o)
    0x0800021e   0x0800021e   0x00000004   Code   RO          196    .ARM.Collect$$libinit$$00000001  c_w.l(libinit2.o)
    0x08000222   0x08000222   0x00000000   Code   RO          199    .ARM.Collect$$libinit$$00000004  c_w.l(libinit2.o)
    0x08000222   0x08000222   0x00000000   Code   RO          201    .ARM.Collect$$libinit$$00000006  c_w.l(libinit2.o)
    0x08000222   0x08000222   0x00000000   Code   RO          204    .ARM.Collect$$libinit$$0000000C  c_w.l(libinit2.o)
    0x08000222   0x08000222   0x00000000   Code   RO          206    .ARM.Collect$$libinit$$0000000E  c_w.l(libinit2.o)
    0x08000222   0x08000222   0x00000000   Code   RO          208    .ARM.Collect$$libinit$$00000010  c_w.l(libinit2.o)
    0x08000222   0x08000222   0x00000000   Code   RO          211    .ARM.Collect$$libinit$$00000013  c_w.l(libinit2.o)
    0x08000222   0x08000222   0x00000000   Code   RO          213    .ARM.Collect$$libinit$$00000015  c_w.l(libinit2.o)
    0x08000222   0x08000222   0x00000000   Code   RO          215    .ARM.Collect$$libinit$$00000017  c_w.l(libinit2.o)
    0x08000222   0x08000222   0x00000000   Code   RO          217    .ARM.Collect$$libinit$$00000019  c_w.l(libinit2.o)
    0x08000222   0x08000222   0x00000000   Code   RO          219    .ARM.Collect$$libinit$$0000001B  c_w.l(libinit2.o)
    0x08000222   0x08000222   0x00000000   Code   RO          221    .ARM.Collect$$libinit$$0000001D  c_w.l(libinit2.o)
    0x08000222   0x08000222   0x00000000   Code   RO          223    .ARM.Collect$$libinit$$0000001F  c_w.l(libinit2.o)
    0x08000222   0x08000222   0x00000000   Code   RO          225    .ARM.Collect$$libinit$$00000021  c_w.l(libinit2.o)
    0x08000222   0x08000222   0x00000000   Code   RO          227    .ARM.Collect$$libinit$$00000023  c_w.l(libinit2.o)
    0x08000222   0x08000222   0x00000000   Code   RO          229    .ARM.Collect$$libinit$$00000025  c_w.l(libinit2.o)
    0x08000222   0x08000222   0x00000000   Code   RO          231    .ARM.Collect$$libinit$$00000027  c_w.l(libinit2.o)
    0x08000222   0x08000222   0x00000000   Code   RO          235    .ARM.Collect$$libinit$$0000002E  c_w.l(libinit2.o)
    0x08000222   0x08000222   0x00000000   Code   RO          237    .ARM.Collect$$libinit$$00000030  c_w.l(libinit2.o)
    0x08000222   0x08000222   0x00000000   Code   RO          239    .ARM.Collect$$libinit$$00000032  c_w.l(libinit2.o)
    0x08000222   0x08000222   0x00000000   Code   RO          241    .ARM.Collect$$libinit$$00000034  c_w.l(libinit2.o)
    0x08000222   0x08000222   0x00000002   Code   RO          242    .ARM.Collect$$libinit$$00000035  c_w.l(libinit2.o)
    0x08000224   0x08000224   0x00000002   Code   RO          264    .ARM.Collect$$libshutdown$$00000000  c_w.l(libshutdown.o)
    0x08000226   0x08000226   0x00000000   Code   RO          279    .ARM.Collect$$libshutdown$$00000002  c_w.l(libshutdown2.o)
    0x08000226   0x08000226   0x00000000   Code   RO          281    .ARM.Collect$$libshutdown$$00000004  c_w.l(libshutdown2.o)
    0x08000226   0x08000226   0x00000000   Code   RO          284    .ARM.Collect$$libshutdown$$00000007  c_w.l(libshutdown2.o)
    0x08000226   0x08000226   0x00000000   Code   RO          287    .ARM.Collect$$libshutdown$$0000000A  c_w.l(libshutdown2.o)
    0x08000226   0x08000226   0x00000000   Code   RO          289    .ARM.Collect$$libshutdown$$0000000C  c_w.l(libshutdown2.o)
    0x08000226   0x08000226   0x00000000   Code   RO          292    .ARM.Collect$$libshutdown$$0000000F  c_w.l(libshutdown2.o)
    0x08000226   0x08000226   0x00000002   Code   RO          293    .ARM.Collect$$libshutdown$$00000010  c_w.l(libshutdown2.o)
    0x08000228   0x08000228   0x00000000   Code   RO          165    .ARM.Collect$$rtentry$$00000000  c_w.l(__rtentry.o)
    0x08000228   0x08000228   0x00000000   Code   RO          167    .ARM.Collect$$rtentry$$00000002  c_w.l(__rtentry2.o)
    0x08000228   0x08000228   0x00000006   Code   RO          179    .ARM.Collect$$rtentry$$00000004  c_w.l(__rtentry4.o)
    0x0800022e   0x0800022e   0x00000000   Code   RO          169    .ARM.Collect$$rtentry$$00000009  c_w.l(__rtentry2.o)
    0x0800022e   0x0800022e   0x00000004   Code   RO          170    .ARM.Collect$$rtentry$$0000000A  c_w.l(__rtentry2.o)
    0x08000232   0x08000232   0x00000000   Code   RO          172    .ARM.Collect$$rtentry$$0000000C  c_w.l(__rtentry2.o)
    0x08000232   0x08000232   0x00000008   Code   RO          173    .ARM.Collect$$rtentry$$0000000D  c_w.l(__rtentry2.o)
    0x0800023a   0x0800023a   0x00000002   Code   RO          194    .ARM.Collect$$rtexit$$00000000  c_w.l(rtexit.o)
    0x0800023c   0x0800023c   0x00000000   Code   RO          244    .ARM.Collect$$rtexit$$00000002  c_w.l(rtexit2.o)
    0x0800023c   0x0800023c   0x00000004   Code   RO          245    .ARM.Collect$$rtexit$$00000003  c_w.l(rtexit2.o)
    0x08000240   0x08000240   0x00000006   Code   RO          246    .ARM.Collect$$rtexit$$00000004  c_w.l(rtexit2.o)
    0x08000246   0x08000246   0x00000002   PAD
    0x08000248   0x08000248   0x00000040   Code   RO          139  * .text               startup_stm32f411xe.o
    0x08000288   0x08000288   0x00000006   Code   RO          161    .text               c_w.l(heapauxi.o)
    0x0800028e   0x0800028e   0x0000004a   Code   RO          181    .text               c_w.l(sys_stackheap_outer.o)
    0x080002d8   0x080002d8   0x00000012   Code   RO          183    .text               c_w.l(exit.o)
    0x080002ea   0x080002ea   0x00000002   PAD
    0x080002ec   0x080002ec   0x00000008   Code   RO          191    .text               c_w.l(libspace.o)
    0x080002f4   0x080002f4   0x0000000c   Code   RO          254    .text               c_w.l(sys_exit.o)
    0x08000300   0x08000300   0x00000002   Code   RO          269    .text               c_w.l(use_no_semi.o)
    0x08000302   0x08000302   0x00000000   Code   RO          271    .text               c_w.l(indicate_semi.o)
    0x08000302   0x08000302   0x00000002   PAD
    0x08000304   0x08000304   0x00000062   Code   RO           74    .text.ADC1_Read_Polling  adc.o
    0x08000366   0x08000366   0x00000002   PAD
    0x08000368   0x08000368   0x000000ca   Code   RO           70    .text.ADC1_init     adc.o
    0x08000432   0x08000432   0x00000002   PAD
    0x08000434   0x08000434   0x00000048   Code   RO           22    .text.GPIO_Config_Analog  gpio.o
    0x0800047c   0x0800047c   0x0000003a   Code   RO           10    .text.GPIO_SetMode  gpio.o
    0x080004b6   0x080004b6   0x00000002   PAD
    0x080004b8   0x080004b8   0x00000090   Code   RO            2    .text.RCC_Configuration  rcc_stm32.o
    0x08000548   0x08000548   0x00000064   Code   RO           58    .text.SPI1_IRQHandler  spi.o
    0x080005ac   0x080005ac   0x00000012   Code   RO          146    .text.SystemInit    system_stm32f4xx.o
    0x080005be   0x080005be   0x00000002   PAD
    0x080005c0   0x080005c0   0x00000026   Code   RO           41    .text.main          main.o
    0x080005e6   0x080005e6   0x00000002   PAD
    0x080005e8   0x080005e8   0x00000018   Code   RO           86    .text.small_delay   adc_dma.o
    0x08000600   0x08000600   0x0000001a   Code   RO          252    x$fpl$fpinit        fz_wm.l(fpinit.o)
    0x0800061a   0x0800061a   0x00000002   PAD
    0x0800061c   0x0800061c   0x00000010   Data   RO          327    Region$$Table       anon$$obj.o


    Execution Region ER_RW (Exec base: 0x20000000, Load base: 0x0800062c, Size: 0x00000000, Max: 0xffffffff, ABSOLUTE)

    **** No section assigned to this execution region ****


    Execution Region ER_ZI (Exec base: 0x20000000, Load base: 0x0800062c, Size: 0x00000668, Max: 0xffffffff, ABSOLUTE)

    Exec Addr    Load Addr    Size         Type   Attr      Idx    E Section Name        Object

    0x20000000        -       0x00000060   Zero   RW          192    .bss                c_w.l(libspace.o)
    0x20000060        -       0x00000004   Zero   RW           60    .bss.spi_tx_buffer  spi.o
    0x20000064        -       0x00000002   Zero   RW           62    .bss.spi_tx_index   spi.o
    0x20000066        -       0x00000002   Zero   RW           61    .bss.spi_tx_length  spi.o
    0x20000068        -       0x00000200   Zero   RW          137    HEAP                startup_stm32f411xe.o
    0x20000268        -       0x00000400   Zero   RW          136    STACK               startup_stm32f411xe.o


==============================================================================

Image component sizes


      Code (inc. data)   RO Data    RW Data    ZI Data      Debug   Object Name

       300          0          0          0          0       2236   adc.o
        24          0          0          0          0       2125   adc_dma.o
       130          0          0          0          0       2995   gpio.o
        38          0          0          0          0        578   main.o
       144          0          0          0          0       1522   rcc_stm32.o
       100          0          0          0          8       4340   spi.o
        64         26        408          0       1536        876   startup_stm32f411xe.o
        18          0          0          0          0       2738   system_stm32f4xx.o

    ----------------------------------------------------------------------
       828         26        424          0       1544      17410   Object Totals
         0          0         16          0          0          0   (incl. Generated)
        10          0          0          0          0          0   (incl. Padding)

    ----------------------------------------------------------------------

      Code (inc. data)   RO Data    RW Data    ZI Data      Debug   Library Member Name

         8          0          0          0          0         68   __main.o
         0          0          0          0          0          0   __rtentry.o
        12          0          0          0          0          0   __rtentry2.o
         6          0          0          0          0          0   __rtentry4.o
        94          8          0          0          0          0   __scatter.o
        28          0          0          0          0          0   __scatter_zi.o
        18          0          0          0          0         80   exit.o
         6          0          0          0          0        152   heapauxi.o
         0          0          0          0          0          0   indicate_semi.o
         2          0          0          0          0          0   libinit.o
         6          0          0          0          0          0   libinit2.o
         2          0          0          0          0          0   libshutdown.o
         2          0          0          0          0          0   libshutdown2.o
         8          4          0          0         96         68   libspace.o
         2          0          0          0          0          0   rtexit.o
        10          0          0          0          0          0   rtexit2.o
        12          4          0          0          0         68   sys_exit.o
        74          0          0          0          0         80   sys_stackheap_outer.o
         2          0          0          0          0         68   use_no_semi.o
        26          0          0          0          0        116   fpinit.o

    ----------------------------------------------------------------------
       328         16          0          0         96        700   Library Totals
        10          0          0          0          0          0   (incl. Padding)

    ----------------------------------------------------------------------

      Code (inc. data)   RO Data    RW Data    ZI Data      Debug   Library Name

       292         16          0          0         96        584   c_w.l
        26          0          0          0          0        116   fz_wm.l

    ----------------------------------------------------------------------
       328         16          0          0         96        700   Library Totals

    ----------------------------------------------------------------------

==============================================================================


      Code (inc. data)   RO Data    RW Data    ZI Data      Debug   

      1156         42        424          0       1640      17834   Grand Totals
      1156         42        424          0       1640      17834   ELF Image Totals
      1156         42        424          0          0          0   ROM Totals

==============================================================================

    Total RO  Size (Code + RO Data)                 1580 (   1.54kB)
    Total RW  Size (RW Data + ZI Data)              1640 (   1.60kB)
    Total ROM Size (Code + RO Data + RW Data)       1580 (   1.54kB)

==============================================================================

